mode: count
github.com/go-ruby-capistrano/capistrano/application.go:40.36,46.41 1 14
github.com/go-ruby-capistrano/capistrano/application.go:46.41,46.54 1 1
github.com/go-ruby-capistrano/capistrano/application.go:48.35,48.62 1 2
github.com/go-ruby-capistrano/capistrano/application.go:51.2,52.12 2 14
github.com/go-ruby-capistrano/capistrano/application.go:57.47,57.66 1 8
github.com/go-ruby-capistrano/capistrano/application.go:60.43,60.65 1 2
github.com/go-ruby-capistrano/capistrano/application.go:64.65,64.83 1 3
github.com/go-ruby-capistrano/capistrano/application.go:67.63,67.92 1 4
github.com/go-ruby-capistrano/capistrano/application.go:70.39,70.54 1 1
github.com/go-ruby-capistrano/capistrano/application.go:73.49,73.70 1 1
github.com/go-ruby-capistrano/capistrano/application.go:76.44,76.66 1 1
github.com/go-ruby-capistrano/capistrano/application.go:79.46,79.66 1 1
github.com/go-ruby-capistrano/capistrano/application.go:84.56,84.93 1 10
github.com/go-ruby-capistrano/capistrano/application.go:88.59,88.99 1 6
github.com/go-ruby-capistrano/capistrano/application.go:91.48,91.80 1 2
github.com/go-ruby-capistrano/capistrano/application.go:95.58,96.42 1 3
github.com/go-ruby-capistrano/capistrano/application.go:96.42,98.19 2 3
github.com/go-ruby-capistrano/capistrano/application.go:98.19,100.4 1 2
github.com/go-ruby-capistrano/capistrano/application.go:101.3,101.16 1 1
github.com/go-ruby-capistrano/capistrano/application.go:108.81,110.2 1 8
github.com/go-ruby-capistrano/capistrano/application.go:113.94,115.2 1 1
github.com/go-ruby-capistrano/capistrano/application.go:118.58,118.96 1 5
github.com/go-ruby-capistrano/capistrano/application.go:122.65,124.2 1 12
github.com/go-ruby-capistrano/capistrano/application.go:127.54,127.90 1 1
github.com/go-ruby-capistrano/capistrano/application.go:132.43,132.67 1 85
github.com/go-ruby-capistrano/capistrano/application.go:135.79,137.2 1 157
github.com/go-ruby-capistrano/capistrano/application.go:140.61,140.96 1 15
github.com/go-ruby-capistrano/capistrano/application.go:143.65,145.2 1 15
github.com/go-ruby-capistrano/capistrano/application.go:148.56,148.94 1 15
github.com/go-ruby-capistrano/capistrano/application.go:151.51,151.84 1 8
github.com/go-ruby-capistrano/capistrano/application.go:154.55,154.92 1 1
github.com/go-ruby-capistrano/capistrano/application.go:161.66,162.21 1 14
github.com/go-ruby-capistrano/capistrano/application.go:162.21,164.3 1 2
github.com/go-ruby-capistrano/capistrano/application.go:165.2,165.26 1 12
github.com/go-ruby-capistrano/capistrano/application.go:165.26,166.72 1 13
github.com/go-ruby-capistrano/capistrano/application.go:166.72,168.4 1 3
github.com/go-ruby-capistrano/capistrano/application.go:170.2,170.12 1 9
github.com/go-ruby-capistrano/capistrano/application.go:177.57,177.84 1 2
github.com/go-ruby-capistrano/capistrano/application.go:181.54,183.9 2 3
github.com/go-ruby-capistrano/capistrano/application.go:183.9,185.3 1 1
github.com/go-ruby-capistrano/capistrano/application.go:186.2,187.17 2 2
github.com/go-ruby-capistrano/capistrano/application.go:187.17,189.3 1 1
github.com/go-ruby-capistrano/capistrano/application.go:190.2,190.12 1 2
github.com/go-ruby-capistrano/capistrano/backend.go:42.34,42.51 1 1
github.com/go-ruby-capistrano/capistrano/backend.go:46.58,47.20 1 26
github.com/go-ruby-capistrano/capistrano/backend.go:47.20,49.3 1 6
github.com/go-ruby-capistrano/capistrano/backend.go:50.2,50.48 1 20
github.com/go-ruby-capistrano/capistrano/backend.go:56.65,59.16 3 18
github.com/go-ruby-capistrano/capistrano/backend.go:59.16,61.3 1 1
github.com/go-ruby-capistrano/capistrano/backend.go:62.2,62.25 1 17
github.com/go-ruby-capistrano/capistrano/backend.go:62.25,69.3 1 2
github.com/go-ruby-capistrano/capistrano/backend.go:70.2,70.12 1 15
github.com/go-ruby-capistrano/capistrano/backend.go:76.70,78.16 2 3
github.com/go-ruby-capistrano/capistrano/backend.go:78.16,80.3 1 1
github.com/go-ruby-capistrano/capistrano/backend.go:81.2,81.33 1 2
github.com/go-ruby-capistrano/capistrano/backend.go:86.75,89.16 3 5
github.com/go-ruby-capistrano/capistrano/backend.go:89.16,91.3 1 1
github.com/go-ruby-capistrano/capistrano/backend.go:92.2,92.25 1 4
github.com/go-ruby-capistrano/capistrano/backend.go:92.25,99.3 1 2
github.com/go-ruby-capistrano/capistrano/backend.go:100.2,100.43 1 2
github.com/go-ruby-capistrano/capistrano/backend.go:105.54,107.2 1 2
github.com/go-ruby-capistrano/capistrano/backend.go:111.56,113.2 1 2
github.com/go-ruby-capistrano/capistrano/backend.go:144.36,146.2 1 16
github.com/go-ruby-capistrano/capistrano/backend.go:150.89,153.2 2 7
github.com/go-ruby-capistrano/capistrano/backend.go:156.61,159.2 2 3
github.com/go-ruby-capistrano/capistrano/backend.go:162.61,162.92 2 1
github.com/go-ruby-capistrano/capistrano/backend.go:163.61,163.94 2 1
github.com/go-ruby-capistrano/capistrano/backend.go:167.80,169.21 2 26
github.com/go-ruby-capistrano/capistrano/backend.go:169.21,171.3 1 3
github.com/go-ruby-capistrano/capistrano/backend.go:172.2,172.37 1 23
github.com/go-ruby-capistrano/capistrano/backend.go:172.37,174.3 1 7
github.com/go-ruby-capistrano/capistrano/backend.go:175.2,175.29 1 16
github.com/go-ruby-capistrano/capistrano/backend.go:179.72,182.2 2 2
github.com/go-ruby-capistrano/capistrano/backend.go:185.74,188.2 2 2
github.com/go-ruby-capistrano/capistrano/backend_ssh.go:44.54,46.2 1 19
github.com/go-ruby-capistrano/capistrano/backend_ssh.go:50.48,50.81 1 3
github.com/go-ruby-capistrano/capistrano/backend_ssh.go:53.79,55.16 2 6
github.com/go-ruby-capistrano/capistrano/backend_ssh.go:55.16,57.3 1 2
github.com/go-ruby-capistrano/capistrano/backend_ssh.go:58.2,59.26 2 4
github.com/go-ruby-capistrano/capistrano/backend_ssh.go:65.71,67.2 1 1
github.com/go-ruby-capistrano/capistrano/backend_ssh.go:70.73,72.2 1 1
github.com/go-ruby-capistrano/capistrano/backend_ssh.go:82.56,84.16 2 5
github.com/go-ruby-capistrano/capistrano/backend_ssh.go:84.16,86.3 1 1
github.com/go-ruby-capistrano/capistrano/backend_ssh.go:87.2,87.38 1 4
github.com/go-ruby-capistrano/capistrano/backend_ssh.go:98.62,100.16 2 4
github.com/go-ruby-capistrano/capistrano/backend_ssh.go:100.16,102.3 1 1
github.com/go-ruby-capistrano/capistrano/backend_ssh.go:103.2,111.19 7 3
github.com/go-ruby-capistrano/capistrano/backend_ssh.go:111.19,112.46 1 2
github.com/go-ruby-capistrano/capistrano/backend_ssh.go:112.46,115.4 2 1
github.com/go-ruby-capistrano/capistrano/backend_ssh.go:116.3,116.21 1 1
github.com/go-ruby-capistrano/capistrano/backend_ssh.go:118.2,118.17 1 1
github.com/go-ruby-capistrano/capistrano/backend_ssh.go:122.33,122.60 1 4
github.com/go-ruby-capistrano/capistrano/config.go:52.40,54.2 1 17
github.com/go-ruby-capistrano/capistrano/config.go:58.56,61.2 2 25
github.com/go-ruby-capistrano/capistrano/config.go:64.48,67.2 2 7
github.com/go-ruby-capistrano/capistrano/config.go:70.48,74.2 3 1
github.com/go-ruby-capistrano/capistrano/config.go:77.41,79.26 2 1
github.com/go-ruby-capistrano/capistrano/config.go:79.26,81.3 1 2
github.com/go-ruby-capistrano/capistrano/config.go:82.2,83.12 2 1
github.com/go-ruby-capistrano/capistrano/config.go:91.59,93.14 2 67
github.com/go-ruby-capistrano/capistrano/config.go:93.14,94.20 1 31
github.com/go-ruby-capistrano/capistrano/config.go:94.20,96.4 1 28
github.com/go-ruby-capistrano/capistrano/config.go:97.3,97.17 1 3
github.com/go-ruby-capistrano/capistrano/config.go:99.2,99.6 1 39
github.com/go-ruby-capistrano/capistrano/config.go:99.6,101.10 2 44
github.com/go-ruby-capistrano/capistrano/config.go:101.10,103.4 1 39
github.com/go-ruby-capistrano/capistrano/config.go:104.3,105.24 2 5
github.com/go-ruby-capistrano/capistrano/deploy.go:26.39,26.74 1 5
github.com/go-ruby-capistrano/capistrano/deploy.go:27.39,27.82 1 5
github.com/go-ruby-capistrano/capistrano/deploy.go:31.54,33.2 1 1
github.com/go-ruby-capistrano/capistrano/deploy.go:38.56,39.65 1 5
github.com/go-ruby-capistrano/capistrano/deploy.go:39.65,41.3 1 1
github.com/go-ruby-capistrano/capistrano/deploy.go:42.2,42.85 1 4
github.com/go-ruby-capistrano/capistrano/deploy.go:47.67,49.2 1 2
github.com/go-ruby-capistrano/capistrano/deploy.go:53.40,53.94 1 19
github.com/go-ruby-capistrano/capistrano/deploy.go:54.43,56.2 1 13
github.com/go-ruby-capistrano/capistrano/deploy.go:57.43,57.78 1 3
github.com/go-ruby-capistrano/capistrano/deploy.go:64.45,67.33 2 14
github.com/go-ruby-capistrano/capistrano/deploy.go:67.33,69.39 2 14
github.com/go-ruby-capistrano/capistrano/deploy.go:69.39,70.66 1 2
github.com/go-ruby-capistrano/capistrano/deploy.go:70.66,72.5 1 1
github.com/go-ruby-capistrano/capistrano/deploy.go:75.3,80.42 5 14
github.com/go-ruby-capistrano/capistrano/deploy.go:80.42,82.66 2 5
github.com/go-ruby-capistrano/capistrano/deploy.go:82.66,84.5 1 5
github.com/go-ruby-capistrano/capistrano/deploy.go:86.3,89.44 3 14
github.com/go-ruby-capistrano/capistrano/deploy.go:89.44,90.66 1 1
github.com/go-ruby-capistrano/capistrano/deploy.go:90.66,92.5 1 1
github.com/go-ruby-capistrano/capistrano/deploy.go:94.3,97.43 3 14
github.com/go-ruby-capistrano/capistrano/deploy.go:97.43,98.66 1 1
github.com/go-ruby-capistrano/capistrano/deploy.go:98.66,100.5 1 1
github.com/go-ruby-capistrano/capistrano/deploy.go:102.3,105.46 3 14
github.com/go-ruby-capistrano/capistrano/deploy.go:105.46,106.66 1 2
github.com/go-ruby-capistrano/capistrano/deploy.go:106.66,108.19 2 2
github.com/go-ruby-capistrano/capistrano/deploy.go:108.19,110.6 1 1
github.com/go-ruby-capistrano/capistrano/deploy.go:111.5,111.58 1 1
github.com/go-ruby-capistrano/capistrano/deploy.go:118.2,125.51 3 14
github.com/go-ruby-capistrano/capistrano/deploy.go:131.24,134.2 2 19
github.com/go-ruby-capistrano/capistrano/deploy.go:138.38,139.40 1 37
github.com/go-ruby-capistrano/capistrano/deploy.go:139.40,141.3 1 9
github.com/go-ruby-capistrano/capistrano/deploy.go:142.2,142.12 1 28
github.com/go-ruby-capistrano/capistrano/errors.go:28.37,28.57 1 3
github.com/go-ruby-capistrano/capistrano/errors.go:29.37,29.46 1 1
github.com/go-ruby-capistrano/capistrano/errors.go:36.44,38.2 1 2
github.com/go-ruby-capistrano/capistrano/errors.go:39.49,39.58 1 1
github.com/go-ruby-capistrano/capistrano/errors.go:45.49,46.20 1 3
github.com/go-ruby-capistrano/capistrano/errors.go:46.20,48.3 1 2
github.com/go-ruby-capistrano/capistrano/errors.go:49.2,49.89 1 1
github.com/go-ruby-capistrano/capistrano/errors.go:51.54,51.63 1 1
github.com/go-ruby-capistrano/capistrano/errors.go:64.39,68.53 4 3
github.com/go-ruby-capistrano/capistrano/errors.go:68.53,70.3 1 1
github.com/go-ruby-capistrano/capistrano/errors.go:70.8,72.3 1 2
github.com/go-ruby-capistrano/capistrano/errors.go:73.2,73.18 1 3
github.com/go-ruby-capistrano/capistrano/errors.go:73.18,75.3 1 1
github.com/go-ruby-capistrano/capistrano/errors.go:76.2,76.19 1 3
github.com/go-ruby-capistrano/capistrano/errors.go:78.44,78.53 1 1
github.com/go-ruby-capistrano/capistrano/server.go:28.43,31.49 3 36
github.com/go-ruby-capistrano/capistrano/server.go:31.49,34.3 2 3
github.com/go-ruby-capistrano/capistrano/server.go:35.2,35.55 1 36
github.com/go-ruby-capistrano/capistrano/server.go:35.55,36.57 1 9
github.com/go-ruby-capistrano/capistrano/server.go:36.57,39.4 2 8
github.com/go-ruby-capistrano/capistrano/server.go:41.2,42.10 2 36
github.com/go-ruby-capistrano/capistrano/server.go:48.51,49.26 1 17
github.com/go-ruby-capistrano/capistrano/server.go:49.26,50.17 1 19
github.com/go-ruby-capistrano/capistrano/server.go:50.17,52.4 1 18
github.com/go-ruby-capistrano/capistrano/server.go:54.2,54.10 1 17
github.com/go-ruby-capistrano/capistrano/server.go:59.44,60.19 1 46
github.com/go-ruby-capistrano/capistrano/server.go:60.19,62.3 1 13
github.com/go-ruby-capistrano/capistrano/server.go:63.2,63.22 1 33
github.com/go-ruby-capistrano/capistrano/server.go:67.35,69.25 2 3
github.com/go-ruby-capistrano/capistrano/server.go:69.25,71.3 1 5
github.com/go-ruby-capistrano/capistrano/server.go:72.2,73.12 2 3
github.com/go-ruby-capistrano/capistrano/server.go:77.53,80.2 2 10
github.com/go-ruby-capistrano/capistrano/server.go:83.40,83.63 1 1
github.com/go-ruby-capistrano/capistrano/server.go:86.47,89.2 2 2
github.com/go-ruby-capistrano/capistrano/server.go:93.35,95.9 2 7
github.com/go-ruby-capistrano/capistrano/server.go:95.9,97.3 1 3
github.com/go-ruby-capistrano/capistrano/server.go:98.2,99.16 2 4
github.com/go-ruby-capistrano/capistrano/server.go:104.35,106.9 2 18
github.com/go-ruby-capistrano/capistrano/server.go:106.9,108.3 1 15
github.com/go-ruby-capistrano/capistrano/server.go:109.2,110.16 2 3
github.com/go-ruby-capistrano/capistrano/server.go:115.36,117.15 2 7
github.com/go-ruby-capistrano/capistrano/server.go:117.15,119.3 1 1
github.com/go-ruby-capistrano/capistrano/server.go:120.2,120.42 1 7
github.com/go-ruby-capistrano/capistrano/server.go:124.34,126.18 2 37
github.com/go-ruby-capistrano/capistrano/server.go:126.18,129.3 2 1
github.com/go-ruby-capistrano/capistrano/server.go:130.2,131.17 2 37
github.com/go-ruby-capistrano/capistrano/server.go:131.17,134.3 2 1
github.com/go-ruby-capistrano/capistrano/server.go:135.2,135.19 1 37
github.com/go-ruby-capistrano/capistrano/server.go:140.31,140.52 1 31
github.com/go-ruby-capistrano/capistrano/servers.go:19.28,21.2 1 16
github.com/go-ruby-capistrano/capistrano/servers.go:26.48,28.44 2 16
github.com/go-ruby-capistrano/capistrano/servers.go:28.44,30.3 1 1
github.com/go-ruby-capistrano/capistrano/servers.go:31.2,33.12 3 15
github.com/go-ruby-capistrano/capistrano/servers.go:38.82,41.26 3 4
github.com/go-ruby-capistrano/capistrano/servers.go:41.26,43.3 1 3
github.com/go-ruby-capistrano/capistrano/servers.go:44.2,44.12 1 4
github.com/go-ruby-capistrano/capistrano/servers.go:49.78,50.26 1 9
github.com/go-ruby-capistrano/capistrano/servers.go:50.26,53.27 3 12
github.com/go-ruby-capistrano/capistrano/servers.go:53.27,55.4 1 2
github.com/go-ruby-capistrano/capistrano/servers.go:60.35,62.2 1 1
github.com/go-ruby-capistrano/capistrano/servers.go:66.52,68.29 2 26
github.com/go-ruby-capistrano/capistrano/servers.go:68.29,69.35 1 42
github.com/go-ruby-capistrano/capistrano/servers.go:69.35,71.4 1 34
github.com/go-ruby-capistrano/capistrano/servers.go:73.2,73.12 1 26
github.com/go-ruby-capistrano/capistrano/servers.go:78.59,80.40 2 13
github.com/go-ruby-capistrano/capistrano/servers.go:80.40,81.23 1 15
github.com/go-ruby-capistrano/capistrano/servers.go:81.23,83.4 1 14
github.com/go-ruby-capistrano/capistrano/servers.go:85.2,85.12 1 13
github.com/go-ruby-capistrano/capistrano/servers.go:90.48,92.30 2 4
github.com/go-ruby-capistrano/capistrano/servers.go:92.30,93.22 1 4
github.com/go-ruby-capistrano/capistrano/servers.go:93.22,95.4 1 2
github.com/go-ruby-capistrano/capistrano/servers.go:97.2,97.22 1 2
github.com/go-ruby-capistrano/capistrano/servers.go:97.22,99.3 1 1
github.com/go-ruby-capistrano/capistrano/servers.go:100.2,100.12 1 1
github.com/go-ruby-capistrano/capistrano/servers.go:105.40,108.29 3 1
github.com/go-ruby-capistrano/capistrano/servers.go:108.29,109.33 1 2
github.com/go-ruby-capistrano/capistrano/servers.go:109.33,110.16 1 3
github.com/go-ruby-capistrano/capistrano/servers.go:110.16,113.5 2 2
github.com/go-ruby-capistrano/capistrano/servers.go:116.2,117.12 2 1
github.com/go-ruby-capistrano/capistrano/servers.go:121.57,122.26 1 42
github.com/go-ruby-capistrano/capistrano/servers.go:122.26,123.21 1 43
github.com/go-ruby-capistrano/capistrano/servers.go:123.21,125.4 1 34
github.com/go-ruby-capistrano/capistrano/servers.go:127.2,127.14 1 8
github.com/go-ruby-capistrano/capistrano/task.go:33.30,33.47 1 3
github.com/go-ruby-capistrano/capistrano/task.go:36.41,36.93 1 1
github.com/go-ruby-capistrano/capistrano/task.go:39.37,39.54 1 1
github.com/go-ruby-capistrano/capistrano/task.go:43.27,46.2 2 3
github.com/go-ruby-capistrano/capistrano/task.go:59.36,61.2 1 22
github.com/go-ruby-capistrano/capistrano/task.go:65.41,65.62 1 86
github.com/go-ruby-capistrano/capistrano/task.go:69.59,71.15 2 17
github.com/go-ruby-capistrano/capistrano/task.go:71.15,71.53 1 17
github.com/go-ruby-capistrano/capistrano/task.go:72.2,72.17 1 17
github.com/go-ruby-capistrano/capistrano/task.go:72.17,74.3 1 16
github.com/go-ruby-capistrano/capistrano/task.go:80.50,81.23 1 178
github.com/go-ruby-capistrano/capistrano/task.go:81.23,83.3 1 34
github.com/go-ruby-capistrano/capistrano/task.go:84.2,84.48 1 144
github.com/go-ruby-capistrano/capistrano/task.go:91.79,94.9 3 178
github.com/go-ruby-capistrano/capistrano/task.go:94.9,97.3 2 177
github.com/go-ruby-capistrano/capistrano/task.go:98.2,98.25 1 178
github.com/go-ruby-capistrano/capistrano/task.go:98.25,99.54 1 125
github.com/go-ruby-capistrano/capistrano/task.go:99.54,101.4 1 124
github.com/go-ruby-capistrano/capistrano/task.go:103.2,103.17 1 178
github.com/go-ruby-capistrano/capistrano/task.go:103.17,105.3 1 87
github.com/go-ruby-capistrano/capistrano/task.go:106.2,106.22 1 178
github.com/go-ruby-capistrano/capistrano/task.go:106.22,109.3 2 86
github.com/go-ruby-capistrano/capistrano/task.go:110.2,110.10 1 178
github.com/go-ruby-capistrano/capistrano/task.go:117.55,118.54 1 344
github.com/go-ruby-capistrano/capistrano/task.go:118.54,120.3 1 340
github.com/go-ruby-capistrano/capistrano/task.go:121.2,122.34 2 4
github.com/go-ruby-capistrano/capistrano/task.go:122.34,124.3 1 2
github.com/go-ruby-capistrano/capistrano/task.go:125.2,125.13 1 2
github.com/go-ruby-capistrano/capistrano/task.go:130.57,133.2 2 3
github.com/go-ruby-capistrano/capistrano/task.go:136.39,138.28 2 1
github.com/go-ruby-capistrano/capistrano/task.go:138.28,140.3 1 3
github.com/go-ruby-capistrano/capistrano/task.go:141.2,141.38 1 1
github.com/go-ruby-capistrano/capistrano/task.go:141.38,141.74 1 2
github.com/go-ruby-capistrano/capistrano/task.go:142.2,142.12 1 1
github.com/go-ruby-capistrano/capistrano/task.go:148.63,150.9 2 18
github.com/go-ruby-capistrano/capistrano/task.go:150.9,152.3 1 1
github.com/go-ruby-capistrano/capistrano/task.go:153.2,154.12 2 17
github.com/go-ruby-capistrano/capistrano/task.go:159.54,161.9 2 18
github.com/go-ruby-capistrano/capistrano/task.go:161.9,163.3 1 1
github.com/go-ruby-capistrano/capistrano/task.go:164.2,165.12 2 17
github.com/go-ruby-capistrano/capistrano/task.go:171.49,173.2 1 22
github.com/go-ruby-capistrano/capistrano/task.go:177.53,179.30 2 3
github.com/go-ruby-capistrano/capistrano/task.go:179.30,181.3 1 2
github.com/go-ruby-capistrano/capistrano/task.go:182.2,182.26 1 3
github.com/go-ruby-capistrano/capistrano/task.go:189.65,191.9 2 55
github.com/go-ruby-capistrano/capistrano/task.go:191.9,193.3 1 3
github.com/go-ruby-capistrano/capistrano/task.go:194.2,194.30 1 52
github.com/go-ruby-capistrano/capistrano/task.go:194.30,197.3 1 1
github.com/go-ruby-capistrano/capistrano/task.go:198.2,198.15 1 51
github.com/go-ruby-capistrano/capistrano/task.go:198.15,200.3 1 8
github.com/go-ruby-capistrano/capistrano/task.go:201.2,203.36 3 43
github.com/go-ruby-capistrano/capistrano/task.go:203.36,204.43 1 26
github.com/go-ruby-capistrano/capistrano/task.go:204.43,207.4 2 4
github.com/go-ruby-capistrano/capistrano/task.go:209.2,209.32 1 39
github.com/go-ruby-capistrano/capistrano/task.go:209.32,210.31 1 30
github.com/go-ruby-capistrano/capistrano/task.go:210.31,213.4 2 6
github.com/go-ruby-capistrano/capistrano/task.go:215.2,215.31 1 33
github.com/go-ruby-capistrano/capistrano/task.go:215.31,216.46 1 4
github.com/go-ruby-capistrano/capistrano/task.go:216.46,219.4 2 1
github.com/go-ruby-capistrano/capistrano/task.go:221.2,221.12 1 32
github.com/go-ruby-capistrano/capistrano/task.go:226.48,227.25 1 177
github.com/go-ruby-capistrano/capistrano/task.go:227.25,228.13 1 428
github.com/go-ruby-capistrano/capistrano/task.go:228.13,230.4 1 2
github.com/go-ruby-capistrano/capistrano/task.go:232.2,232.14 1 175
